---
source: borsh-derive/src/internals/deserialize/structs/mod.rs
expression: pretty_print_syn_str(&actual).unwrap()
---
impl borsh::de::BorshDeserialize for A {
    fn deserialize_reader<R: borsh::__private::maybestd::io::Read>(
        reader: &mut R,
    ) -> ::core::result::Result<Self, borsh::__private::maybestd::io::Error> {
        let mut return_value = Self {
            x: borsh::BorshDeserialize::deserialize_reader(reader)?,
            y: borsh::BorshDeserialize::deserialize_reader(reader)?,
        };
        return_value.initializonmethod();
        Ok(return_value)
    }
}

