---
source: borsh-derive/src/internals/serialize/struct/mod.rs
expression: err
---
Error(
    "`borsh_skip` cannot be used at the same time as `serialize_with` or `deserialize_with`",
)
