---
source: borsh-derive/src/internals/serialize/struct/mod.rs
expression: pretty_print_syn_str(&actual).unwrap()
---
impl<K, V, U> borsh::ser::BorshSerialize for G<K, V, U>
where
    K: borsh::ser::BorshSerialize,
    V: borsh::ser::BorshSerialize,
{
    fn serialize<W: borsh::__private::maybestd::io::Write>(
        &self,
        writer: &mut W,
    ) -> ::core::result::Result<(), borsh::__private::maybestd::io::Error> {
        borsh::BorshSerialize::serialize(&self.0, writer)?;
        Ok(())
    }
}

