---
source: borsh-derive/src/struct_ser.rs
expression: pretty_print_syn_str(&actual).unwrap()
---
impl borsh::ser::BorshSerialize for A {
    fn serialize<W: borsh::__private::maybestd::io::Write>(
        &self,
        writer: &mut W,
    ) -> ::core::result::Result<(), borsh::__private::maybestd::io::Error> {
        borsh::BorshSerialize::serialize(&self.x, writer)?;
        borsh::BorshSerialize::serialize(&self.y, writer)?;
        Ok(())
    }
}

