---
source: borsh-derive/src/internals/attributes/field.rs
expression: err
---
Error(
    "malformed schema attribute, expected `schema(params = ..., with_funcs(...))`",
)
