---
source: borsh-derive/src/internals/attributes/field.rs
expression: debug_print_vec_of_tokenizable(bounds.deserialize)
---
K : Hash

