---
source: borsh-derive/src/internals/attributes/field.rs
expression: err
---
Error(
    "expected `:`",
)
