---
source: borsh-derive/src/internals/attributes/field.rs
expression: err
---
Error(
    "malformed borsh attribute, expected `borsh(bound(...), deserialize_with = ..., schema(...), serialize_with = ...)`",
)
