---
source: borsh-derive/src/internals/attributes/field.rs
expression: debug_print_vec_of_tokenizable(schema.params)
---
T => < T as TraitName > :: Associated
V => Vec < V >

