---
source: borsh-derive/src/internals/attributes/mod.rs
expression: err
---
Error(
    "`use_discriminant` accepts only `true` or `false`",
)
