---
source: borsh-derive/src/internals/schema/struct/mod.rs
expression: actual.unwrap_err()
---
Error(
    "`borsh_skip` cannot be used at the same time as `schema(with_funcs(...))`",
)
