---
source: borsh-derive/src/internals/deserialize/struct/mod.rs
expression: pretty_print_syn_str(&actual).unwrap()
---
impl<K, V, U> borsh::de::BorshDeserialize for G<K, V, U>
where
    U: borsh::de::BorshDeserialize,
    K: core::default::Default,
    V: core::default::Default,
{
    fn deserialize_reader<R: borsh::__private::maybestd::io::Read>(
        reader: &mut R,
    ) -> ::core::result::Result<Self, borsh::__private::maybestd::io::Error> {
        Ok(
            Self(
                core::default::Default::default(),
                borsh::BorshDeserialize::deserialize_reader(reader)?,
            ),
        )
    }
}

