---
source: borsh-derive-internal/src/attribute_helpers.rs
expression: err
---
Error(
    "`use_discriminant` accept only `true` or `false`",
)
