---
source: borsh-derive/src/attribute_helpers/field.rs
expression: debug_print_vec_of_tokenizable(bounds.deserialize)
---
K : Hash

