---
source: borsh-derive/src/attribute_helpers/field.rs
expression: err
---
Error(
    "both `declaration = ...` and `definitions = ...` have to be specified at the same time",
)
