---
source: borsh-derive/src/attribute_helpers/field.rs
expression: err
---
Error(
    "malformed bound attribute, expected `bound(deserialize = ..., serialize = ...)`",
)
