---
source: borsh-derive/src/attribute_helpers/field.rs
expression: debug_print_vec_of_tokenizable(attrs.serialize)
---
K : Hash + Eq + borsh :: ser :: BorshSerialize
V : borsh :: ser :: BorshSerialize

