---
source: borsh-derive/src/attribute_helpers/field.rs
expression: err
---
Error(
    "expected borsh bound attribute to be a string: `deserialize = \"...\"`",
)
