---
source: borsh-derive/src/attribute_helpers/mod.rs
expression: err
---
Error(
    "`use_discriminant` accepts only `true` or `false`",
)
