---
source: borsh-derive/src/attribute_helpers/field.rs
expression: debug_print_vec_of_tokenizable(attrs.deserialize)
---
K : Hash + Eq + borsh :: de :: BorshDeserialize
V : borsh :: de :: BorshDeserialize

